[6/26/2026 2:21:49 PM] Info: ========================================
[6/26/2026 2:21:49 PM] Info: Starting Arrange-Only Mode
[6/26/2026 2:21:49 PM] Info: ========================================
[6/26/2026 2:21:49 PM] Info: Input Path: /Users/aaguilarmoya/projects/sfguide-scai-e2e-ssis-migration/migration/artifacts/source_raw/20260626.202148
[6/26/2026 2:21:49 PM] Info: Output Path: /Users/aaguilarmoya/projects/sfguide-scai-e2e-ssis-migration/migration/artifacts/source_raw/20260626.202148_Processed
[6/26/2026 2:21:49 PM] Info: Source Language: Transact
[6/26/2026 2:21:49 PM] Info: ========================================
[6/26/2026 2:21:53 PM] Info: Preprocessing Code: STARTED
[6/26/2026 2:21:53 PM] Info: Executing 'SQL Split TLO Task'
[6/26/2026 2:21:53 PM] Info: Preprocessing file 00_ddl.sql
[6/26/2026 2:21:53 PM] Info: Splitting 00_ddl unknown_type: STARTED
[6/26/2026 2:21:53 PM] Info: Splitting 00_ddl unknown_type: STARTED
[6/26/2026 2:21:53 PM] Info: Splitting 00_ddl unknown_type: STARTED
[6/26/2026 2:21:53 PM] Info: Splitting TastyBytes schema: STARTED
[6/26/2026 2:21:53 PM] Info: Splitting etl_results schema: STARTED
[6/26/2026 2:21:53 PM] Info: Splitting etl_logs table: STARTED
[6/26/2026 2:21:53 PM] Info: Splitting Country table: STARTED
[6/26/2026 2:21:53 PM] Info: Splitting City table: STARTED
[6/26/2026 2:21:53 PM] Info: Splitting FoodTruck table: STARTED
[6/26/2026 2:21:53 PM] Info: Splitting Menu table: STARTED
[6/26/2026 2:21:53 PM] Info: Splitting MenuItem table: STARTED
[6/26/2026 2:21:53 PM] Info: Splitting Customer table: STARTED
[6/26/2026 2:21:53 PM] Info: Splitting OrderHeader table: STARTED
[6/26/2026 2:21:53 PM] Info: Splitting OrderDetail table: STARTED
[6/26/2026 2:21:53 PM] Info: Splitting Inventory table: STARTED
[6/26/2026 2:21:53 PM] Info: Splitting EmployeeShift table: STARTED
[6/26/2026 2:21:53 PM] Info: Splitting vw_TopSellingItems view: STARTED
[6/26/2026 2:21:53 PM] Info: Splitting fn_FormatCustomerName function: STARTED
[6/26/2026 2:21:53 PM] Info: Splitting sp_UpdateInventory procedure: STARTED
[6/26/2026 2:21:53 PM] Info: Splitting 00_ddl unknown_type: STARTED
[6/26/2026 2:21:53 PM] Info: Splitting Inventory table: DONE
[6/26/2026 2:21:53 PM] Info: Splitting 00_ddl unknown_type: DONE
[6/26/2026 2:21:53 PM] Info: Splitting OrderHeader table: DONE
[6/26/2026 2:21:53 PM] Info: Splitting etl_logs table: DONE
[6/26/2026 2:21:53 PM] Info: Splitting MenuItem table: DONE
[6/26/2026 2:21:53 PM] Info: Splitting sp_UpdateInventory procedure: DONE
[6/26/2026 2:21:53 PM] Info: Splitting Menu table: DONE
[6/26/2026 2:21:53 PM] Info: Splitting OrderDetail table: DONE
[6/26/2026 2:21:53 PM] Info: Splitting TastyBytes schema: DONE
[6/26/2026 2:21:53 PM] Info: Splitting Customer table: DONE
[6/26/2026 2:21:53 PM] Info: Splitting EmployeeShift table: DONE
[6/26/2026 2:21:53 PM] Info: Splitting FoodTruck table: DONE
[6/26/2026 2:21:53 PM] Info: Splitting Country table: DONE
[6/26/2026 2:21:53 PM] Info: Splitting etl_results schema: DONE
[6/26/2026 2:21:53 PM] Info: Splitting vw_TopSellingItems view: DONE
[6/26/2026 2:21:53 PM] Info: Splitting fn_FormatCustomerName function: DONE
[6/26/2026 2:21:53 PM] Info: Splitting City table: DONE
[6/26/2026 2:21:53 PM] Info: Splitting 00_ddl unknown_type: DONE
[6/26/2026 2:21:53 PM] Info: Splitting 00_ddl unknown_type: DONE
[6/26/2026 2:21:53 PM] Info: Splitting 00_ddl unknown_type: DONE
[6/26/2026 2:21:53 PM] Info: Preprocessing Code: COMPLETED
[6/26/2026 2:21:53 PM] Info: ========================================
[6/26/2026 2:21:53 PM] Info: Arrange-Only Mode Completed Successfully
[6/26/2026 2:21:53 PM] Info: Arranged code available at: /Users/aaguilarmoya/projects/sfguide-scai-e2e-ssis-migration/migration/artifacts/source_raw/20260626.202148_Processed
[6/26/2026 2:21:53 PM] Info: ========================================
